\BOOKMARK [1][-]{section.1}{\376\377\000I\000n\000t\000r\000o\000d\000u\000c\000t\000i\000o\000n}{}% 1
\BOOKMARK [2][-]{subsection.1.1}{\376\377\000P\000r\000o\000j\000e\000c\000t\000\040\000O\000v\000e\000r\000v\000i\000e\000w}{section.1}% 2
\BOOKMARK [2][-]{subsection.1.2}{\376\377\000P\000u\000b\000l\000i\000c\000\040\000H\000e\000a\000l\000t\000h\000,\000\040\000S\000a\000f\000e\000t\000y\000,\000\040\000a\000n\000d\000\040\000W\000e\000l\000f\000a\000r\000e\000\040\000I\000m\000p\000a\000c\000t}{section.1}% 3
\BOOKMARK [3][-]{subsubsection.1.2.1}{\376\377\000P\000C\000B\000\040\000M\000a\000n\000u\000f\000a\000c\000t\000u\000r\000i\000n\000g\000\040\000E\000n\000e\000r\000g\000y\000\040\000C\000o\000n\000s\000u\000m\000p\000t\000i\000o\000n}{subsection.1.2}% 4
\BOOKMARK [3][-]{subsubsection.1.2.2}{\376\377\000P\000C\000B\000\040\000M\000a\000n\000u\000f\000a\000c\000t\000u\000r\000i\000n\000g\000\040\000W\000a\000s\000t\000e\000\040\000P\000r\000o\000d\000u\000c\000t\000i\000o\000n}{subsection.1.2}% 5
\BOOKMARK [3][-]{subsubsection.1.2.3}{\376\377\000P\000C\000B\000\040\000E\000n\000d\000\040\000o\000f\000\040\000L\000i\000f\000e\000\040\000C\000o\000n\000c\000e\000r\000n\000s}{subsection.1.2}% 6
\BOOKMARK [3][-]{subsubsection.1.2.4}{\376\377\000C\000a\000b\000l\000e\000s\000\040\000M\000a\000n\000u\000f\000a\000c\000t\000u\000r\000i\000n\000g\000\040\000C\000o\000n\000c\000e\000r\000n\000s}{subsection.1.2}% 7
\BOOKMARK [3][-]{subsubsection.1.2.5}{\376\377\000L\000o\000g\000i\000s\000t\000i\000c\000s\000\040\000C\000o\000n\000c\000e\000r\000n\000s}{subsection.1.2}% 8
\BOOKMARK [2][-]{subsection.1.3}{\376\377\000G\000l\000o\000b\000a\000l\000\040\000I\000m\000p\000a\000c\000t}{section.1}% 9
\BOOKMARK [2][-]{subsection.1.4}{\376\377\000C\000u\000l\000t\000u\000r\000a\000l\000\040\000a\000n\000d\000\040\000S\000o\000c\000i\000e\000t\000a\000l\000\040\000I\000m\000p\000a\000c\000t}{section.1}% 10
\BOOKMARK [2][-]{subsection.1.5}{\376\377\000E\000n\000v\000i\000r\000o\000n\000m\000e\000n\000t\000a\000l\000\040\000I\000m\000p\000a\000c\000t}{section.1}% 11
\BOOKMARK [2][-]{subsection.1.6}{\376\377\000E\000c\000o\000n\000o\000m\000i\000c\000\040\000I\000m\000p\000a\000c\000t}{section.1}% 12
\BOOKMARK [2][-]{subsection.1.7}{\376\377\000E\000t\000h\000i\000c\000a\000l\000\040\000a\000n\000d\000\040\000P\000r\000o\000f\000e\000s\000s\000i\000o\000n\000a\000l\000\040\000R\000e\000s\000p\000o\000n\000s\000i\000b\000i\000l\000i\000t\000y\000\040\000J\000u\000d\000g\000m\000e\000n\000t}{section.1}% 13
\BOOKMARK [3][-]{subsubsection.1.7.1}{\376\377\000E\000n\000v\000i\000r\000o\000n\000m\000e\000n\000t\000a\000l\000\040\000v\000s\000\040\000E\000c\000o\000n\000o\000m\000i\000c\000\040\000I\000m\000p\000a\000c\000t}{subsection.1.7}% 14
\BOOKMARK [3][-]{subsubsection.1.7.2}{\376\377\000A\000c\000c\000e\000s\000s\000i\000b\000i\000l\000i\000t\000y\000\040\000v\000s\000.\000\040\000S\000a\000f\000e\000t\000y}{subsection.1.7}% 15
\BOOKMARK [3][-]{subsubsection.1.7.3}{\376\377\000O\000p\000e\000n\000-\000s\000o\000u\000r\000c\000e\000\040\000T\000r\000a\000n\000s\000p\000a\000r\000e\000n\000c\000y\000\040\000v\000s\000.\000\040\000S\000e\000c\000u\000r\000i\000t\000y\000\040\000R\000i\000s\000k\000s}{subsection.1.7}% 16
\BOOKMARK [1][-]{section.2}{\376\377\000B\000a\000c\000k\000g\000r\000o\000u\000n\000d}{}% 17
\BOOKMARK [2][-]{subsection.2.1}{\376\377\000D\000C\000S\000\040\000-\000\040\000D\000i\000g\000i\000t\000a\000l\000\040\000C\000o\000n\000t\000r\000o\000l\000\040\000S\000y\000s\000t\000e\000m}{section.2}% 18
\BOOKMARK [3][-]{subsubsection.2.1.1}{\376\377\000P\000L\000C\000\040\000-\000\040\000P\000r\000o\000g\000r\000a\000m\000m\000a\000b\000l\000e\000\040\000L\000o\000g\000i\000c\000\040\000C\000o\000n\000t\000r\000o\000l\000l\000e\000r}{subsection.2.1}% 19
\BOOKMARK [3][-]{subsubsection.2.1.2}{\376\377\000A\000r\000d\000u\000i\000n\000o\000\040\000A\000V\000R\000\040\000-\000\040\000A\000T\000m\000e\000g\000a\000\040\000R\000I\000S\000C\000\040\000C\000o\000n\000t\000r\000o\000l\000l\000e\000r}{subsection.2.1}% 20
\BOOKMARK [3][-]{subsubsection.2.1.3}{\376\377\000D\000a\000t\000a\000\040\000C\000o\000l\000l\000e\000c\000t\000i\000o\000n}{subsection.2.1}% 21
\BOOKMARK [2][-]{subsection.2.2}{\376\377\000S\000C\000A\000D\000A\000\040\000-\000\040\000S\000u\000p\000e\000r\000v\000i\000s\000o\000r\000y\000\040\000C\000o\000n\000t\000r\000o\000l\000\040\000a\000n\000d\000\040\000D\000a\000t\000a\000\040\000A\000c\000q\000u\000i\000s\000i\000t\000i\000o\000n}{section.2}% 22
\BOOKMARK [3][-]{subsubsection.2.2.1}{\376\377\000S\000u\000p\000e\000r\000v\000i\000s\000o\000r\000y\000\040\000C\000o\000n\000t\000r\000o\000l}{subsection.2.2}% 23
\BOOKMARK [3][-]{subsubsection.2.2.2}{\376\377\000D\000a\000t\000a\000\040\000A\000c\000q\000u\000i\000s\000i\000t\000i\000o\000n}{subsection.2.2}% 24
\BOOKMARK [1][-]{section.3}{\376\377\000R\000e\000l\000a\000t\000e\000d\000\040\000W\000o\000r\000k\000s}{}% 25
\BOOKMARK [2][-]{subsection.3.1}{\376\377\000C\000u\000r\000r\000e\000n\000t\000\040\000O\000p\000e\000n\000\040\000S\000o\000u\000r\000c\000e\000\040\000S\000C\000A\000D\000A\000\040\000S\000o\000l\000u\000t\000i\000o\000n\000s}{section.3}% 26
\BOOKMARK [3][-]{subsubsection.3.1.1}{\376\377\000R\000a\000p\000i\000d\000S\000C\000A\000D\000A}{subsection.3.1}% 27
\BOOKMARK [3][-]{subsubsection.3.1.2}{\376\377\000O\000p\000e\000n\000S\000C\000A\000D\000A}{subsection.3.1}% 28
\BOOKMARK [3][-]{subsubsection.3.1.3}{\376\377\000P\000r\000o\000p\000o\000s\000e\000d\000\040\000S\000o\000l\000u\000t\000i\000o\000n}{subsection.3.1}% 29
\BOOKMARK [2][-]{subsection.3.2}{\376\377\000C\000u\000r\000r\000e\000n\000t\000\040\000O\000p\000e\000n\000\040\000S\000o\000u\000r\000c\000e\000\040\000D\000C\000S\000\040\000S\000o\000l\000u\000t\000i\000o\000n\000s}{section.3}% 30
\BOOKMARK [3][-]{subsubsection.3.2.1}{\376\377\000R\000a\000p\000i\000d\000S\000C\000A\000D\000A}{subsection.3.2}% 31
\BOOKMARK [3][-]{subsubsection.3.2.2}{\376\377\000T\000A\000N\000G\000O\000\040\000C\000o\000n\000t\000r\000o\000l\000s}{subsection.3.2}% 32
\BOOKMARK [3][-]{subsubsection.3.2.3}{\376\377\000P\000r\000o\000p\000o\000s\000e\000d\000\040\000S\000o\000l\000u\000t\000i\000o\000n}{subsection.3.2}% 33
\BOOKMARK [1][-]{section.4}{\376\377\000R\000e\000q\000u\000i\000r\000e\000m\000e\000n\000t\000s\000\040\000a\000n\000d\000\040\000S\000p\000e\000c\000i\000f\000i\000c\000a\000t\000i\000o\000n\000s}{}% 34
\BOOKMARK [1][-]{section.5}{\376\377\000D\000e\000s\000i\000g\000n}{}% 35
\BOOKMARK [2][-]{subsection.5.1}{\376\377\000C\000h\000o\000s\000e\000n\000\040\000C\000o\000m\000p\000o\000n\000e\000n\000t\000s}{section.5}% 36
\BOOKMARK [3][-]{subsubsection.5.1.1}{\376\377\000D\000C\000S\000\040\000C\000o\000n\000t\000r\000o\000l\000l\000e\000r}{subsection.5.1}% 37
\BOOKMARK [3][-]{subsubsection.5.1.2}{\376\377\000S\000C\000A\000D\000A\000\040\000S\000u\000p\000e\000r\000v\000i\000s\000o\000r}{subsection.5.1}% 38
\BOOKMARK [3][-]{subsubsection.5.1.3}{\376\377\000T\000u\000b\000i\000n\000g}{subsection.5.1}% 39
\BOOKMARK [3][-]{subsubsection.5.1.4}{\376\377\000C\000o\000n\000t\000a\000i\000n\000e\000r\000/\000P\000r\000o\000j\000e\000c\000t\000\040\000P\000l\000a\000t\000f\000o\000r\000m}{subsection.5.1}% 40
\BOOKMARK [3][-]{subsubsection.5.1.5}{\376\377\000P\000u\000m\000p\000s}{subsection.5.1}% 41
\BOOKMARK [3][-]{subsubsection.5.1.6}{\376\377\000V\000a\000l\000v\000e\000s}{subsection.5.1}% 42
\BOOKMARK [3][-]{subsubsection.5.1.7}{\376\377\000W\000a\000t\000e\000r\000-\000L\000e\000v\000e\000l\000\040\000S\000e\000n\000s\000o\000r}{subsection.5.1}% 43
\BOOKMARK [3][-]{subsubsection.5.1.8}{\376\377\000T\000e\000m\000p\000e\000r\000a\000t\000u\000r\000e\000\040\000S\000e\000n\000s\000o\000r}{subsection.5.1}% 44
\BOOKMARK [3][-]{subsubsection.5.1.9}{\376\377\000F\000l\000o\000w\000r\000a\000t\000e\000\040\000S\000e\000n\000s\000o\000r}{subsection.5.1}% 45
\BOOKMARK [2][-]{subsection.5.2}{\376\377\000E\000l\000e\000c\000t\000r\000o\000n\000i\000c\000s}{section.5}% 46
\BOOKMARK [2][-]{subsection.5.3}{\376\377\000M\000a\000n\000u\000a\000l\000\040\000S\000w\000i\000t\000c\000h\000e\000s}{section.5}% 47
\BOOKMARK [2][-]{subsection.5.4}{\376\377\000N\000e\000t\000w\000o\000r\000k}{section.5}% 48
\BOOKMARK [2][-]{subsection.5.5}{\376\377\000S\000o\000f\000t\000w\000a\000r\000e\000\040\000D\000e\000s\000i\000g\000n}{section.5}% 49
\BOOKMARK [1][-]{section.6}{\376\377\000I\000n\000t\000e\000g\000r\000a\000t\000i\000o\000n\000\040\000a\000n\000d\000\040\000T\000e\000s\000t\000\040\000R\000e\000s\000u\000l\000t\000s}{}% 50
\BOOKMARK [2][-]{subsection.6.1}{\376\377\000H\000a\000r\000d\000w\000a\000r\000e\000\040\000D\000e\000v\000e\000l\000o\000p\000m\000e\000n\000t\000\040\000a\000n\000d\000\040\000T\000e\000s\000t\000i\000n\000g}{section.6}% 51
\BOOKMARK [3][-]{subsubsection.6.1.1}{\376\377\000I\000s\000s\000u\000e\000s\000\040\000w\000i\000t\000h\000\040\000P\000o\000w\000e\000r\000\040\000D\000i\000s\000t\000r\000i\000b\000u\000t\000i\000o\000n}{subsection.6.1}% 52
\BOOKMARK [3][-]{subsubsection.6.1.2}{\376\377\000D\000e\000b\000u\000g\000g\000i\000n\000g\000\040\000P\000o\000w\000e\000r\000\040\000S\000u\000p\000p\000l\000y\000\040\000I\000s\000s\000u\000e\000s}{subsection.6.1}% 53
\BOOKMARK [3][-]{subsubsection.6.1.3}{\376\377\000W\000o\000r\000s\000t\000\040\000C\000a\000s\000e\000\040\000C\000u\000r\000r\000e\000n\000t\000\040\000D\000r\000a\000w}{subsection.6.1}% 54
\BOOKMARK [3][-]{subsubsection.6.1.4}{\376\377\000T\000e\000s\000t\000i\000n\000g\000\040\000o\000f\000\040\000W\000a\000t\000e\000r\000\040\000L\000e\000v\000e\000l\000\040\000S\000e\000n\000s\000o\000r}{subsection.6.1}% 55
\BOOKMARK [3][-]{subsubsection.6.1.5}{\376\377\000T\000e\000s\000t\000i\000n\000g\000\040\000o\000f\000\040\000F\000l\000o\000w\000\040\000R\000a\000t\000e\000\040\000S\000e\000n\000s\000o\000r}{subsection.6.1}% 56
\BOOKMARK [2][-]{subsection.6.2}{\376\377\000T\000r\000o\000u\000b\000l\000e\000\040\000S\000h\000o\000o\000t\000i\000n\000g\000\040\000T\000e\000s\000t\000\040\000C\000o\000n\000t\000r\000o\000l\000\040\000C\000o\000d\000e}{section.6}% 57
\BOOKMARK [2][-]{subsection.6.3}{\376\377\000S\000C\000A\000D\000A\000\040\000S\000o\000f\000t\000w\000a\000r\000e\000\040\000D\000e\000v\000e\000l\000o\000p\000m\000e\000n\000t}{section.6}% 58
\BOOKMARK [1][-]{section.7}{\376\377\000S\000t\000a\000n\000d\000a\000r\000d\000s\000\040\000a\000n\000d\000\040\000C\000o\000n\000s\000t\000r\000a\000i\000n\000t\000s}{}% 59
\BOOKMARK [1][-]{section.8}{\376\377\000P\000r\000o\000j\000e\000c\000t\000\040\000P\000l\000a\000n\000n\000i\000n\000g\000\040\000a\000n\000d\000\040\000T\000a\000s\000k\000\040\000D\000e\000f\000i\000n\000i\000t\000i\000o\000n}{}% 60
\BOOKMARK [1][-]{section.9}{\376\377\000C\000o\000n\000c\000l\000u\000s\000i\000o\000n}{}% 61
\BOOKMARK [1][-]{section*.2}{\376\377\000R\000e\000f\000e\000r\000e\000n\000c\000e\000s}{}% 62
