\BOOKMARK [1][-]{section.1}{\376\377\000D\000e\000s\000i\000g\000n}{}% 1
\BOOKMARK [2][-]{subsection.1.1}{\376\377\000C\000h\000o\000s\000e\000n\000\040\000C\000o\000m\000p\000o\000n\000e\000n\000t\000s}{section.1}% 2
\BOOKMARK [3][-]{subsubsection.1.1.1}{\376\377\000D\000C\000S\000\040\000C\000o\000n\000t\000r\000o\000l\000l\000e\000r}{subsection.1.1}% 3
\BOOKMARK [3][-]{subsubsection.1.1.2}{\376\377\000S\000C\000A\000D\000A\000\040\000S\000u\000p\000e\000r\000v\000i\000s\000o\000r}{subsection.1.1}% 4
\BOOKMARK [3][-]{subsubsection.1.1.3}{\376\377\000T\000u\000b\000i\000n\000g}{subsection.1.1}% 5
\BOOKMARK [3][-]{subsubsection.1.1.4}{\376\377\000C\000o\000n\000t\000a\000i\000n\000e\000r\000/\000P\000r\000o\000j\000e\000c\000t\000\040\000P\000l\000a\000t\000f\000o\000r\000m}{subsection.1.1}% 6
\BOOKMARK [3][-]{subsubsection.1.1.5}{\376\377\000P\000u\000m\000p\000s}{subsection.1.1}% 7
\BOOKMARK [3][-]{subsubsection.1.1.6}{\376\377\000V\000a\000l\000v\000e\000s}{subsection.1.1}% 8
\BOOKMARK [3][-]{subsubsection.1.1.7}{\376\377\000W\000a\000t\000e\000r\000-\000L\000e\000v\000e\000l\000\040\000S\000e\000n\000s\000o\000r}{subsection.1.1}% 9
\BOOKMARK [3][-]{subsubsection.1.1.8}{\376\377\000T\000e\000m\000p\000e\000r\000a\000t\000u\000r\000e\000\040\000S\000e\000n\000s\000o\000r}{subsection.1.1}% 10
\BOOKMARK [3][-]{subsubsection.1.1.9}{\376\377\000F\000l\000o\000w\000r\000a\000t\000e\000\040\000S\000e\000n\000s\000o\000r}{subsection.1.1}% 11
\BOOKMARK [2][-]{subsection.1.2}{\376\377\000E\000l\000e\000c\000t\000r\000o\000n\000i\000c\000s}{section.1}% 12
\BOOKMARK [2][-]{subsection.1.3}{\376\377\000M\000a\000n\000u\000a\000l\000\040\000S\000w\000i\000t\000c\000h\000e\000s}{section.1}% 13
\BOOKMARK [2][-]{subsection.1.4}{\376\377\000N\000e\000t\000w\000o\000r\000k}{section.1}% 14
\BOOKMARK [2][-]{subsection.1.5}{\376\377\000S\000o\000f\000t\000w\000a\000r\000e\000\040\000D\000e\000s\000i\000g\000n}{section.1}% 15
\BOOKMARK [3][-]{subsubsection.1.5.1}{\376\377\000M\000a\000i\000n\000\040\000T\000h\000r\000e\000a\000d}{subsection.1.5}% 16
\BOOKMARK [3][-]{subsubsection.1.5.2}{\376\377\000S\000e\000r\000i\000a\000l\000\040\000T\000h\000r\000e\000a\000d}{subsection.1.5}% 17
\BOOKMARK [3][-]{subsubsection.1.5.3}{\376\377\000F\000l\000a\000s\000k\000\040\000T\000h\000r\000e\000a\000d}{subsection.1.5}% 18
\BOOKMARK [3][-]{subsubsection.1.5.4}{\376\377\000W\000o\000r\000k\000e\000r\000\040\000T\000h\000r\000e\000a\000d\000\050\000s\000\051}{subsection.1.5}% 19
\BOOKMARK [3][-]{subsubsection.1.5.5}{\376\377\000C\000o\000n\000t\000r\000o\000l\000l\000e\000r\000\040\000I\000n\000i\000t\000i\000a\000l\000i\000z\000a\000t\000i\000o\000n}{subsection.1.5}% 20
\BOOKMARK [3][-]{subsubsection.1.5.6}{\376\377\000C\000o\000d\000e\000\040\000B\000l\000o\000c\000k\000s}{subsection.1.5}% 21
\BOOKMARK [3][-]{subsubsection.1.5.7}{\376\377\000P\000o\000i\000n\000t\000s}{subsection.1.5}% 22
\BOOKMARK [3][-]{subsubsection.1.5.8}{\376\377\000C\000o\000d\000e\000\040\000V\000a\000l\000i\000d\000a\000t\000i\000o\000n}{subsection.1.5}% 23
\BOOKMARK [3][-]{subsubsection.1.5.9}{\376\377\000C\000o\000d\000e\000\040\000G\000e\000n\000e\000r\000a\000t\000i\000o\000n}{subsection.1.5}% 24
\BOOKMARK [3][-]{subsubsection.1.5.10}{\376\377\000U\000p\000l\000o\000a\000d\000i\000n\000g\000\040\000C\000o\000d\000e\000\040\000t\000o\000\040\000a\000n\000\040\000A\000r\000d\000u\000i\000n\000o}{subsection.1.5}% 25
\BOOKMARK [3][-]{subsubsection.1.5.11}{\376\377\000C\000o\000m\000m\000a\000n\000d\000\040\000L\000i\000n\000e\000\040\000I\000n\000t\000e\000r\000f\000a\000c\000e}{subsection.1.5}% 26
\BOOKMARK [3][-]{subsubsection.1.5.12}{\376\377\000G\000r\000a\000p\000h\000i\000c\000a\000l\000\040\000U\000s\000e\000r\000\040\000I\000n\000t\000e\000r\000f\000a\000c\000e}{subsection.1.5}% 27
